// Jest Snapshot v1, https://goo.gl/fbAQLP

exports[`PrimeItem should match snapshot 1`] = `
<span
  className="container"
>
  <div
    className="MuiChip-root"
    onKeyUp={[Function]}
  >
    <span
      className="MuiChip-label"
    >
      123
    </span>
  </div>
</span>
`;
